==30946== Memcheck, a memory error detector
==30946== Copyright (C) 2002-2024, and GNU GPL'd, by Julian Seward et al.
==30946== Using Valgrind-3.25.1 and LibVEX; rerun with -h for copyright info
==30946== Command: ./tests
==30946== 
==30946== 
==30946== HEAP SUMMARY:
==30946==     in use at exit: 0 bytes in 0 blocks
==30946==   total heap usage: 1,711 allocs, 1,711 frees, 26,839 bytes allocated
==30946== 
==30946== All heap blocks were freed -- no leaks are possible
==30946== 
==30946== ERROR SUMMARY: 0 errors from 0 contexts (suppressed: 0 from 0)
